[  605555ms] [LOG] [Fast Refresh] rebuilding @ http://localhost:3000/_next/static/chunks/01o4_next_dist_0kk79-y._.js:2477
[  606621ms] [LOG] [Fast Refresh] done in 825ms @ http://localhost:3000/_next/static/chunks/01o4_next_dist_0kk79-y._.js:2477
[  613955ms] [LOG] [Fast Refresh] rebuilding @ http://localhost:3000/_next/static/chunks/01o4_next_dist_0kk79-y._.js:2477
[  614067ms] [LOG] [Fast Refresh] done in 170ms @ http://localhost:3000/_next/static/chunks/01o4_next_dist_0kk79-y._.js:2477
[  649282ms] [LOG] [Fast Refresh] rebuilding @ http://localhost:3000/_next/static/chunks/01o4_next_dist_0kk79-y._.js:2477
[  649352ms] [LOG] [Fast Refresh] done in 100ms @ http://localhost:3000/_next/static/chunks/01o4_next_dist_0kk79-y._.js:2477
[  671958ms] [LOG] [Fast Refresh] rebuilding @ http://localhost:3000/_next/static/chunks/01o4_next_dist_0kk79-y._.js:2477
[  672013ms] [LOG] [Fast Refresh] done in 155ms @ http://localhost:3000/_next/static/chunks/01o4_next_dist_0kk79-y._.js:2477
[  769163ms] [LOG] [Fast Refresh] rebuilding @ http://localhost:3000/_next/static/chunks/01o4_next_dist_0kk79-y._.js:2477
[  769183ms] [LOG] [Fast Refresh] done in 121ms @ http://localhost:3000/_next/static/chunks/01o4_next_dist_0kk79-y._.js:2477
[ 1189559ms] [LOG] [Fast Refresh] rebuilding @ http://localhost:3000/_next/static/chunks/01o4_next_dist_0kk79-y._.js:2477
[ 1189800ms] [LOG] [Fast Refresh] done in 249ms @ http://localhost:3000/_next/static/chunks/01o4_next_dist_0kk79-y._.js:2477
[ 1195332ms] [LOG] [Fast Refresh] rebuilding @ http://localhost:3000/_next/static/chunks/01o4_next_dist_0kk79-y._.js:2477
[ 1195382ms] [LOG] [Fast Refresh] done in 111ms @ http://localhost:3000/_next/static/chunks/01o4_next_dist_0kk79-y._.js:2477
[ 1358565ms] [LOG] [Fast Refresh] rebuilding @ http://localhost:3000/_next/static/chunks/01o4_next_dist_0kk79-y._.js:2477
[ 1358846ms] [LOG] [Fast Refresh] done in 381ms @ http://localhost:3000/_next/static/chunks/01o4_next_dist_0kk79-y._.js:2477
[ 3097811ms] [LOG] [Fast Refresh] rebuilding @ http://localhost:3000/_next/static/chunks/01o4_next_dist_0kk79-y._.js:2477
[ 3097887ms] [LOG] [Fast Refresh] done in 131ms @ http://localhost:3000/_next/static/chunks/01o4_next_dist_0kk79-y._.js:2477
[ 3115558ms] [LOG] [Fast Refresh] rebuilding @ http://localhost:3000/_next/static/chunks/01o4_next_dist_0kk79-y._.js:2477
[ 3115694ms] [LOG] [Fast Refresh] done in 99ms @ http://localhost:3000/_next/static/chunks/01o4_next_dist_0kk79-y._.js:2477
[ 3122147ms] [LOG] [Fast Refresh] rebuilding @ http://localhost:3000/_next/static/chunks/01o4_next_dist_0kk79-y._.js:2477
[ 3122188ms] [LOG] [Fast Refresh] done in 90ms @ http://localhost:3000/_next/static/chunks/01o4_next_dist_0kk79-y._.js:2477
[ 3132584ms] [LOG] [Fast Refresh] rebuilding @ http://localhost:3000/_next/static/chunks/01o4_next_dist_0kk79-y._.js:2477
[ 3132623ms] [LOG] [Fast Refresh] done in 139ms @ http://localhost:3000/_next/static/chunks/01o4_next_dist_0kk79-y._.js:2477
[ 3147327ms] [LOG] [Fast Refresh] rebuilding @ http://localhost:3000/_next/static/chunks/01o4_next_dist_0kk79-y._.js:2477
[ 3147331ms] [LOG] [Fast Refresh] done in 104ms @ http://localhost:3000/_next/static/chunks/01o4_next_dist_0kk79-y._.js:2477
[ 3214106ms] [LOG] [Fast Refresh] rebuilding @ http://localhost:3000/_next/static/chunks/01o4_next_dist_0kk79-y._.js:2477
[ 3214120ms] [LOG] [Fast Refresh] done in 114ms @ http://localhost:3000/_next/static/chunks/01o4_next_dist_0kk79-y._.js:2477
[ 3351756ms] [LOG] [Fast Refresh] rebuilding @ http://localhost:3000/_next/static/chunks/01o4_next_dist_0kk79-y._.js:2477
[ 3351794ms] [LOG] [Fast Refresh] done in 138ms @ http://localhost:3000/_next/static/chunks/01o4_next_dist_0kk79-y._.js:2477
[ 3594992ms] [LOG] [Fast Refresh] rebuilding @ http://localhost:3000/_next/static/chunks/01o4_next_dist_0kk79-y._.js:2477
[ 3595119ms] [LOG] [Fast Refresh] done in 227ms @ http://localhost:3000/_next/static/chunks/01o4_next_dist_0kk79-y._.js:2477
[ 3776731ms] [LOG] [Fast Refresh] rebuilding @ http://localhost:3000/_next/static/chunks/01o4_next_dist_0kk79-y._.js:2477
[ 3777111ms] [LOG] [Fast Refresh] done in 481ms @ http://localhost:3000/_next/static/chunks/01o4_next_dist_0kk79-y._.js:2477
[ 3796677ms] [LOG] [Fast Refresh] rebuilding @ http://localhost:3000/_next/static/chunks/01o4_next_dist_0kk79-y._.js:2477
[ 3796710ms] [LOG] [Fast Refresh] done in 134ms @ http://localhost:3000/_next/static/chunks/01o4_next_dist_0kk79-y._.js:2477
[ 3796970ms] [LOG] [Fast Refresh] rebuilding @ http://localhost:3000/_next/static/chunks/01o4_next_dist_0kk79-y._.js:2477
[ 3797332ms] [LOG] [Fast Refresh] done in 298ms @ http://localhost:3000/_next/static/chunks/01o4_next_dist_0kk79-y._.js:2477
[ 3834807ms] [LOG] [Fast Refresh] rebuilding @ http://localhost:3000/_next/static/chunks/01o4_next_dist_0kk79-y._.js:2477
[ 3834841ms] [LOG] [Fast Refresh] done in 135ms @ http://localhost:3000/_next/static/chunks/01o4_next_dist_0kk79-y._.js:2477
[ 3864725ms] [LOG] [Fast Refresh] rebuilding @ http://localhost:3000/_next/static/chunks/01o4_next_dist_0kk79-y._.js:2477
[ 3864825ms] [LOG] [Fast Refresh] done in 200ms @ http://localhost:3000/_next/static/chunks/01o4_next_dist_0kk79-y._.js:2477
[ 3903342ms] [LOG] [Fast Refresh] rebuilding @ http://localhost:3000/_next/static/chunks/01o4_next_dist_0kk79-y._.js:2477
[ 3903462ms] [WARNING] [Fast Refresh] performing full reload

Fast Refresh will perform a full reload when you edit a file that's imported by modules outside of the React rendering tree.
You might have a file which exports a React component but also exports a value that is imported by a non-React component file.
Consider migrating the non-React component export to a separate file and importing it into both files.

It is also possible the parent component of the component you edited is a class component, which disables Fast Refresh.
Fast Refresh requires at least one parent function component in your React tree. @ http://localhost:3000/_next/static/chunks/01o4_next_dist_0kk79-y._.js:2477
[ 3903569ms] [LOG] [Fast Refresh] done in 216ms @ http://localhost:3000/_next/static/chunks/01o4_next_dist_0kk79-y._.js:2477
[ 3903707ms] [ERROR] Failed to fetch state TypeError: Failed to fetch
    at fetchState (http://localhost:3000/_next/static/chunks/Programming_Orders_CSGO%20website%20copy_MAIN_upgrader-clone-with-admin_07czv.p._.js:4641:39) @ http://localhost:3000/_next/static/chunks/01o4_next_dist_0kk79-y._.js:3318
[ 3904081ms] [INFO] %cDownload the React DevTools for a better development experience: https://react.dev/link/react-devtools font-weight:bold @ http://localhost:3000/_next/static/chunks/01o4_next_dist_0kk79-y._.js:2477
[ 3904112ms] [LOG] [HMR] connected @ http://localhost:3000/_next/static/chunks/01o4_next_dist_0kk79-y._.js:2477
[ 3904265ms] [VERBOSE] [DOM] Input elements should have autocomplete attributes (suggested: "new-password"): (More info: https://goo.gl/9p2vKq) %o @ http://localhost:3000/:0
[ 3917420ms] [LOG] [Fast Refresh] rebuilding @ http://localhost:3000/_next/static/chunks/01o4_next_dist_0kk79-y._.js:2477
[ 3917526ms] [LOG] [Fast Refresh] done in 207ms @ http://localhost:3000/_next/static/chunks/01o4_next_dist_0kk79-y._.js:2477
[ 3928741ms] [LOG] [Fast Refresh] rebuilding @ http://localhost:3000/_next/static/chunks/01o4_next_dist_0kk79-y._.js:2477
[ 3928777ms] [LOG] [Fast Refresh] done in 137ms @ http://localhost:3000/_next/static/chunks/01o4_next_dist_0kk79-y._.js:2477
[ 4156394ms] [LOG] [Fast Refresh] rebuilding @ http://localhost:3000/_next/static/chunks/01o4_next_dist_0kk79-y._.js:2477
[ 4156535ms] [LOG] [Fast Refresh] done in 105ms @ http://localhost:3000/_next/static/chunks/01o4_next_dist_0kk79-y._.js:2477
[ 4178566ms] [LOG] [Fast Refresh] rebuilding @ http://localhost:3000/_next/static/chunks/01o4_next_dist_0kk79-y._.js:2477
[ 4178581ms] [LOG] [Fast Refresh] done in 215ms @ http://localhost:3000/_next/static/chunks/01o4_next_dist_0kk79-y._.js:2477
[ 4400081ms] [LOG] [Fast Refresh] rebuilding @ http://localhost:3000/_next/static/chunks/01o4_next_dist_0kk79-y._.js:2477
[ 4400210ms] [LOG] [Fast Refresh] done in 127ms @ http://localhost:3000/_next/static/chunks/01o4_next_dist_0kk79-y._.js:2477
