[     670ms] [ERROR] Failed to load resource: the server responded with a status of 404 (Not Found) @ http://127.0.0.1:3002/_vercel/insights/script.js:0
[     671ms] [LOG] [Vercel Web Analytics] Failed to load script from /_vercel/insights/script.js. Be sure to enable Web Analytics for your project and deploy again. See https://vercel.com/docs/analytics/quickstart for more information. @ http://127.0.0.1:3002/_next/static/chunks/0ech-gxidt3a0.js:0
[     723ms] [VERBOSE] [DOM] Input elements should have autocomplete attributes (suggested: "new-password"): (More info: https://goo.gl/9p2vKq) %o @ http://127.0.0.1:3002/:0
[    2124ms] [ERROR] Failed to load resource: the server responded with a status of 404 (Not Found) @ http://127.0.0.1:3002/_vercel/insights/script.js:0
[    2125ms] [LOG] [Vercel Web Analytics] Failed to load script from /_vercel/insights/script.js. Be sure to enable Web Analytics for your project and deploy again. See https://vercel.com/docs/analytics/quickstart for more information. @ http://127.0.0.1:3002/_next/static/chunks/0ech-gxidt3a0.js:0
[    2125ms] [VERBOSE] [DOM] Input elements should have autocomplete attributes (suggested: "new-password"): (More info: https://goo.gl/9p2vKq) %o @ http://127.0.0.1:3002/:0
[   33750ms] [ERROR] Failed to load resource: the server responded with a status of 404 (Not Found) @ http://127.0.0.1:3002/_vercel/insights/script.js:0
[   33774ms] [LOG] [Vercel Web Analytics] Failed to load script from /_vercel/insights/script.js. Be sure to enable Web Analytics for your project and deploy again. See https://vercel.com/docs/analytics/quickstart for more information. @ http://127.0.0.1:3002/_next/static/chunks/0ech-gxidt3a0.js:0
[  119793ms] [ERROR] Failed to load resource: the server responded with a status of 404 (Not Found) @ http://127.0.0.1:3002/_vercel/insights/script.js:0
[  119912ms] [LOG] [Vercel Web Analytics] Failed to load script from /_vercel/insights/script.js. Be sure to enable Web Analytics for your project and deploy again. See https://vercel.com/docs/analytics/quickstart for more information. @ http://127.0.0.1:3002/_next/static/chunks/0ech-gxidt3a0.js:0
[ 3251439ms] [ERROR] Failed to load resource: net::ERR_NETWORK_CHANGED @ https://s3.upgrader.pro/cdn/avatars/d90b485d7b7fe71e5f1fa4a4239125ec-69fcc52662686.jpg:0
[ 3251441ms] [ERROR] Failed to load resource: net::ERR_NETWORK_CHANGED @ https://s3.upgrader.pro/cdn/items/8948/medium.png:0
[ 3251441ms] [ERROR] Failed to load resource: net::ERR_NETWORK_CHANGED @ https://s3.upgrader.pro/cdn/avatars/89eef987360768bb05b5847a69eb55c0-6a1cf95432244.jpg:0
[ 3251442ms] [ERROR] Failed to load resource: net::ERR_NETWORK_CHANGED @ https://s3.upgrader.pro/cdn/items/2219/medium.png:0
[ 3251442ms] [ERROR] Failed to load resource: net::ERR_NETWORK_CHANGED @ https://s3.upgrader.pro/cdn/avatars/4851c22247e82a21f2b24298f7e328e3-6a1e89666c464.jpg:0
[ 3251442ms] [ERROR] Failed to load resource: net::ERR_NETWORK_CHANGED @ https://s3.upgrader.pro/cdn/items/16329/medium.png:0
[ 3251442ms] [ERROR] Failed to load resource: net::ERR_NETWORK_CHANGED @ https://s3.upgrader.pro/cdn/avatars/76baee4d478451e448c1c4539795e2b7-691ea69645cfe.jpg:0
[ 3251442ms] [ERROR] Failed to load resource: net::ERR_NETWORK_CHANGED @ https://s3.upgrader.pro/cdn/items/12328/medium.png:0
[ 3251442ms] [ERROR] Failed to load resource: net::ERR_NETWORK_CHANGED @ https://s3.upgrader.pro/cdn/avatars/d954aa007022653c7b57f253efe1a57f-6a203f839d8c0.jpg:0
[ 3251443ms] [ERROR] Failed to load resource: net::ERR_NETWORK_CHANGED @ https://s3.upgrader.pro/cdn/items/3005/medium.png:0
[ 3251443ms] [ERROR] Failed to load resource: net::ERR_NETWORK_CHANGED @ https://s3.upgrader.pro/cdn/avatars/28e36b4e5262199addb55fa24872b30a-69885605952da.jpg:0
[ 3251443ms] [ERROR] Failed to load resource: net::ERR_NETWORK_CHANGED @ https://s3.upgrader.pro/cdn/items/1039/medium.png:0
[ 3251443ms] [ERROR] Failed to load resource: net::ERR_NETWORK_CHANGED @ https://s3.upgrader.pro/cdn/avatars/73eace0c93a8d70c04f89dccc14e2933-69f7db041f991.jpg:0
[ 3251443ms] [ERROR] Failed to load resource: net::ERR_NETWORK_CHANGED @ https://s3.upgrader.pro/cdn/items/20945/medium.png:0
[ 3251444ms] [ERROR] Failed to load resource: net::ERR_NETWORK_CHANGED @ https://s3.upgrader.pro/cdn/avatars/a2df8fe62f75d7f49cd3d640426ce67d-6973d3634769c.jpg:0
[ 3251444ms] [ERROR] Failed to load resource: net::ERR_NETWORK_CHANGED @ https://s3.upgrader.pro/cdn/items/12135/medium.png:0
[ 3251444ms] [ERROR] Failed to load resource: net::ERR_NETWORK_CHANGED @ https://s3.upgrader.pro/cdn/avatars/f170056c4b2d42899b4971bbb72cd473-6995d8a133414.jpg:0
[ 3251444ms] [ERROR] Failed to load resource: net::ERR_NETWORK_CHANGED @ https://s3.upgrader.pro/cdn/items/12351/medium.png:0
[ 3251445ms] [ERROR] Failed to load resource: net::ERR_NETWORK_CHANGED @ https://s3.upgrader.pro/cdn/avatars/111a61a368ac8d1752a1704d9b3d7221-6a203de0878a2.jpg:0
[ 3251446ms] [ERROR] Failed to load resource: net::ERR_NETWORK_CHANGED @ https://s3.upgrader.pro/cdn/items/832/medium.png:0
[ 3251447ms] [ERROR] Failed to load resource: net::ERR_NETWORK_CHANGED @ https://s3.upgrader.pro/cdn/avatars/6c28f8a2a2870e947c829656eb79e6fb-69c281cab2163.jpg:0
[ 3251448ms] [ERROR] Failed to load resource: net::ERR_NETWORK_CHANGED @ https://s3.upgrader.pro/cdn/items/23405/medium.png:0
[ 3251448ms] [ERROR] Failed to load resource: net::ERR_NETWORK_CHANGED @ https://s3.upgrader.pro/cdn/avatars/048c31f8af5e9f5d46e26951c93fa748-69b2e29b17842.jpg:0
[ 3251449ms] [ERROR] Failed to load resource: net::ERR_NETWORK_CHANGED @ https://s3.upgrader.pro/cdn/items/17644/medium.png:0
[ 3251449ms] [ERROR] Failed to load resource: net::ERR_NETWORK_CHANGED @ https://s3.upgrader.pro/cdn/fa/images/upgrader-arrow-up.svg:0
[ 3251450ms] [ERROR] Failed to load resource: net::ERR_NETWORK_CHANGED @ https://s3.upgrader.pro/cdn/fa/icons/up-arrow-yellow.svg:0
[ 3251450ms] [ERROR] Failed to load resource: net::ERR_NETWORK_CHANGED @ https://s3.upgrader.pro/cdn/avatars/39c129ec9495a43da6a6b32d1de48c8c-69178220ae8d7.jpg:0
[ 3251450ms] [ERROR] Failed to load resource: net::ERR_NETWORK_CHANGED @ https://s3.upgrader.pro/cdn/items/7448/medium.png:0
[ 3251450ms] [ERROR] Failed to load resource: net::ERR_NETWORK_CHANGED @ https://s3.upgrader.pro/cdn/avatars/ef3b5f28e037b86d96d1ff11657b4876-6a033cb00ffd0.jpg:0
[ 3251451ms] [ERROR] Failed to load resource: net::ERR_NETWORK_CHANGED @ https://s3.upgrader.pro/cdn/items/13631/medium.png:0
[ 3251451ms] [ERROR] Failed to load resource: net::ERR_NETWORK_CHANGED @ https://s3.upgrader.pro/cdn/avatars/1c96a4352f9accbf6d8c426bde4f2d7b-6999c43338114.jpg:0
[ 3251451ms] [ERROR] Failed to load resource: net::ERR_NETWORK_CHANGED @ https://s3.upgrader.pro/cdn/items/26372/medium.png:0
[ 3251451ms] [ERROR] Failed to load resource: net::ERR_NETWORK_CHANGED @ https://s3.upgrader.pro/cdn/avatars/36735caf84bc54511acf15ff258d2deb-6a05f447de23f.jpg:0
[ 3251452ms] [ERROR] Failed to load resource: net::ERR_NETWORK_CHANGED @ https://s3.upgrader.pro/cdn/items/1728/medium.png:0
[ 3251452ms] [ERROR] Failed to load resource: net::ERR_NETWORK_CHANGED @ https://s3.upgrader.pro/cdn/avatars/cd83c96911d094dd5335f0911fb32de9-69cd026d3cd08.jpg:0
[ 3251452ms] [ERROR] Failed to load resource: net::ERR_NETWORK_CHANGED @ https://s3.upgrader.pro/cdn/items/2279/medium.png:0
[ 3251452ms] [ERROR] Failed to load resource: net::ERR_NETWORK_CHANGED @ https://s3.upgrader.pro/cdn/avatars/3c2467a8ca6af3f12792e19bbf9b56fc-69be4acc58317.jpg:0
[ 3251452ms] [ERROR] Failed to load resource: net::ERR_NETWORK_CHANGED @ https://s3.upgrader.pro/cdn/items/10886/medium.png:0
[ 3252181ms] [ERROR] Failed to load resource: net::ERR_NETWORK_CHANGED @ https://s3.upgrader.pro/cdn/avatars/b64124e79bf3d94b9a0a1853d4cae73c-69a831ef25f63.jpg:0
[ 3252181ms] [ERROR] Failed to load resource: net::ERR_NETWORK_CHANGED @ https://s3.upgrader.pro/cdn/items/15207/medium.png:0
[ 3252183ms] [ERROR] Failed to load resource: net::ERR_NETWORK_CHANGED @ https://s3.upgrader.pro/cdn/fa/images/default-avatar-small.webp:0
[46736363ms] [ERROR] Failed to load resource: net::ERR_NETWORK_CHANGED @ https://s3.upgrader.pro/cdn/items/12351/medium.png:0
[46736364ms] [ERROR] Failed to load resource: net::ERR_NETWORK_CHANGED @ https://s3.upgrader.pro/cdn/fa/icons/up-arrow-yellow.svg:0
[46736364ms] [ERROR] Failed to load resource: net::ERR_NETWORK_CHANGED @ https://s3.upgrader.pro/cdn/avatars/f170056c4b2d42899b4971bbb72cd473-6995d8a133414.jpg:0
[46736364ms] [ERROR] Failed to load resource: net::ERR_NETWORK_CHANGED @ https://s3.upgrader.pro/cdn/avatars/048c31f8af5e9f5d46e26951c93fa748-69b2e29b17842.jpg:0
[46736364ms] [ERROR] Failed to load resource: net::ERR_NETWORK_CHANGED @ https://s3.upgrader.pro/cdn/items/17644/medium.png:0
[46736365ms] [ERROR] Failed to load resource: net::ERR_NETWORK_CHANGED @ https://s3.upgrader.pro/cdn/avatars/39c129ec9495a43da6a6b32d1de48c8c-69178220ae8d7.jpg:0
[46736365ms] [ERROR] Failed to load resource: net::ERR_NETWORK_CHANGED @ https://s3.upgrader.pro/cdn/items/7448/medium.png:0
[46736365ms] [ERROR] Failed to load resource: net::ERR_NETWORK_CHANGED @ https://s3.upgrader.pro/cdn/avatars/ef3b5f28e037b86d96d1ff11657b4876-6a033cb00ffd0.jpg:0
[46736365ms] [ERROR] Failed to load resource: net::ERR_NETWORK_CHANGED @ https://s3.upgrader.pro/cdn/items/13631/medium.png:0
[46736365ms] [ERROR] Failed to load resource: net::ERR_NETWORK_CHANGED @ https://s3.upgrader.pro/cdn/avatars/1c96a4352f9accbf6d8c426bde4f2d7b-6999c43338114.jpg:0
[46736365ms] [ERROR] Failed to load resource: net::ERR_NETWORK_CHANGED @ https://s3.upgrader.pro/cdn/items/26372/medium.png:0
[46736365ms] [ERROR] Failed to load resource: net::ERR_NETWORK_CHANGED @ https://s3.upgrader.pro/cdn/avatars/36735caf84bc54511acf15ff258d2deb-6a05f447de23f.jpg:0
[46736366ms] [ERROR] Failed to load resource: net::ERR_NETWORK_CHANGED @ https://s3.upgrader.pro/cdn/items/1728/medium.png:0
[46736366ms] [ERROR] Failed to load resource: net::ERR_NETWORK_CHANGED @ https://s3.upgrader.pro/cdn/avatars/cd83c96911d094dd5335f0911fb32de9-69cd026d3cd08.jpg:0
[46736366ms] [ERROR] Failed to load resource: net::ERR_NETWORK_CHANGED @ https://s3.upgrader.pro/cdn/items/2279/medium.png:0
[46736366ms] [ERROR] Failed to load resource: net::ERR_NETWORK_CHANGED @ https://s3.upgrader.pro/cdn/avatars/3c2467a8ca6af3f12792e19bbf9b56fc-69be4acc58317.jpg:0
[46736366ms] [ERROR] Failed to load resource: net::ERR_NETWORK_CHANGED @ https://s3.upgrader.pro/cdn/items/10886/medium.png:0
[46736366ms] [ERROR] Failed to load resource: net::ERR_NETWORK_CHANGED @ https://s3.upgrader.pro/cdn/avatars/111a61a368ac8d1752a1704d9b3d7221-6a203de0878a2.jpg:0
[46736366ms] [ERROR] Failed to load resource: net::ERR_NETWORK_CHANGED @ https://s3.upgrader.pro/cdn/items/832/medium.png:0
[46736367ms] [ERROR] Failed to load resource: net::ERR_NETWORK_CHANGED @ https://s3.upgrader.pro/cdn/avatars/6c28f8a2a2870e947c829656eb79e6fb-69c281cab2163.jpg:0
[46736367ms] [ERROR] Failed to load resource: net::ERR_NETWORK_CHANGED @ https://s3.upgrader.pro/cdn/items/23405/medium.png:0
[46736367ms] [ERROR] Failed to load resource: net::ERR_NETWORK_CHANGED @ https://s3.upgrader.pro/cdn/fa/images/upgrader-arrow-up.svg:0
[46736367ms] [ERROR] Failed to load resource: net::ERR_NETWORK_CHANGED @ https://s3.upgrader.pro/cdn/avatars/b64124e79bf3d94b9a0a1853d4cae73c-69a831ef25f63.jpg:0
[46736367ms] [ERROR] Failed to load resource: net::ERR_NETWORK_CHANGED @ https://s3.upgrader.pro/cdn/items/15207/medium.png:0
[46736367ms] [ERROR] Failed to load resource: net::ERR_NETWORK_CHANGED @ https://s3.upgrader.pro/cdn/avatars/7bc10ef69452e5ba264a2dfa5780924d-6a057ac19657e.jpg:0
[46736368ms] [ERROR] Failed to load resource: net::ERR_NETWORK_CHANGED @ https://s3.upgrader.pro/cdn/items/14117/medium.png:0
[46736368ms] [ERROR] Failed to load resource: net::ERR_NETWORK_CHANGED @ https://s3.upgrader.pro/cdn/avatars/d90b485d7b7fe71e5f1fa4a4239125ec-69fcc52662686.jpg:0
[46736368ms] [ERROR] Failed to load resource: net::ERR_NETWORK_CHANGED @ https://s3.upgrader.pro/cdn/items/8948/medium.png:0
[46736368ms] [ERROR] Failed to load resource: net::ERR_NETWORK_CHANGED @ https://s3.upgrader.pro/cdn/avatars/89eef987360768bb05b5847a69eb55c0-6a1cf95432244.jpg:0
[46736368ms] [ERROR] Failed to load resource: net::ERR_NETWORK_CHANGED @ https://s3.upgrader.pro/cdn/items/2219/medium.png:0
[46736368ms] [ERROR] Failed to load resource: net::ERR_NETWORK_CHANGED @ https://s3.upgrader.pro/cdn/avatars/4851c22247e82a21f2b24298f7e328e3-6a1e89666c464.jpg:0
[46736368ms] [ERROR] Failed to load resource: net::ERR_NETWORK_CHANGED @ https://s3.upgrader.pro/cdn/items/16329/medium.png:0
[46736369ms] [ERROR] Failed to load resource: net::ERR_NETWORK_CHANGED @ https://s3.upgrader.pro/cdn/avatars/76baee4d478451e448c1c4539795e2b7-691ea69645cfe.jpg:0
[46736369ms] [ERROR] Failed to load resource: net::ERR_NETWORK_CHANGED @ https://s3.upgrader.pro/cdn/items/12328/medium.png:0
[46736369ms] [ERROR] Failed to load resource: net::ERR_NETWORK_CHANGED @ https://s3.upgrader.pro/cdn/avatars/d954aa007022653c7b57f253efe1a57f-6a203f839d8c0.jpg:0
[46736369ms] [ERROR] Failed to load resource: net::ERR_NETWORK_CHANGED @ https://s3.upgrader.pro/cdn/items/3005/medium.png:0
[46736369ms] [ERROR] Failed to load resource: net::ERR_NETWORK_CHANGED @ https://s3.upgrader.pro/cdn/avatars/28e36b4e5262199addb55fa24872b30a-69885605952da.jpg:0
[46736369ms] [ERROR] Failed to load resource: net::ERR_NETWORK_CHANGED @ https://s3.upgrader.pro/cdn/items/1039/medium.png:0
[46736369ms] [ERROR] Failed to load resource: net::ERR_NETWORK_CHANGED @ https://s3.upgrader.pro/cdn/avatars/73eace0c93a8d70c04f89dccc14e2933-69f7db041f991.jpg:0
[46736370ms] [ERROR] Failed to load resource: net::ERR_NETWORK_CHANGED @ https://s3.upgrader.pro/cdn/items/20945/medium.png:0
[46736370ms] [ERROR] Failed to load resource: net::ERR_NETWORK_CHANGED @ https://s3.upgrader.pro/cdn/avatars/a2df8fe62f75d7f49cd3d640426ce67d-6973d3634769c.jpg:0
[46736370ms] [ERROR] Failed to load resource: net::ERR_NETWORK_CHANGED @ https://s3.upgrader.pro/cdn/items/12135/medium.png:0
